Starting CAP Project Generator...
Using @sap/cds-dk [10.0.7] from /extbin/globals/bun/global/install/node_modules/@sap/cds-dk
Using @sap/generator-cap-project [2.1.3] from [/extbin/globals/bun/global/install/node_modules/@sap/generator-cap-project]
Using root path [/home/user/projects]

Creating project with approuter, hana, mta, nodejs, tiny-sample

Adding facet: nodejs
Adding facet: mta
Adding facet: tiny-sample
Adding facet: hana
Adding facet: approuter

Successfully initialized CAP project
Continue with: code cap-demo 


Installing dependencies...

added 80 packages, and audited 192 packages in 2s

34 packages are looking for funding
  run `npm fund` for details

found 0 vulnerabilities

Finished installing dependencies

Done setting up project cap-demo
Project is ready to use

